// Jest Snapshot v1, https://goo.gl/fbAQLP

exports[`GroupTagList.vue shows a group 1`] = `
<div>
  <!---->
  <v-list-tile-stub activeclass="primary--text" avatar="true">
    <v-list-tile-avatar-stub size="40">
      <external-link-badge-stub href="https://www.flickr.com/groups/groupId"><img src=""></external-link-badge-stub>
    </v-list-tile-avatar-stub>
    <v-list-tile-content-stub>
      <v-list-tile-title-stub>
        <photo-limit-opt-out-message-stub optout="true"></photo-limit-opt-out-message-stub> <strong>Group Title</strong>
      </v-list-tile-title-stub>
      <v-list-tile-sub-title-stub>
        <v-layout-stub tag="div">
          <v-flex-stub tag="div" xs2="" class="text-xs-left">
            <v-icon-stub>photo</v-icon-stub>
            1000M
          </v-flex-stub>
          <v-flex-stub tag="div" xs2="" class="text-xs-left">
            <v-icon-stub>group</v-icon-stub>
            200
          </v-flex-stub>
          <v-flex-stub tag="div" xs2="" class="text-xs-left pt-1"></v-flex-stub>
          <v-flex-stub tag="div" class="text-xs-right">
            <v-chip-stub value="true" label="true" selected="true" small="true">
              <v-icon-stub color="accent" small="" left="" class="mr-1">label</v-icon-stub>
              tag1
            </v-chip-stub>
            <v-chip-stub value="true" label="true" small="true">
              <v-icon-stub small="" left="" class="mr-1">label</v-icon-stub>
              tag2
            </v-chip-stub>
            <v-chip-stub value="true" label="true" small="true">
              <v-icon-stub small="" left="" class="mr-1">label</v-icon-stub>
              tag3
            </v-chip-stub>
          </v-flex-stub>
        </v-layout-stub>
      </v-list-tile-sub-title-stub>
    </v-list-tile-content-stub>
    <v-list-tile-action-stub>
      <v-menu-stub opendelay="0" closedelay="0" lazy="true" contentclass="" bottom="true" left="true" maxwidth="auto" nudgebottom="0" nudgeleft="0" nudgeright="0" nudgetop="0" nudgewidth="0" closeonclick="true" maxheight="auto" openonclick="true" origin="top left" transition="v-menu-transition">
        <v-list-stub>
          <v-list-tile-stub activeclass="primary--text">
            <v-list-tile-action-stub>
              <v-icon-stub>settings</v-icon-stub>
            </v-list-tile-action-stub>
            <v-list-tile-title-stub>Manage tags</v-list-tile-title-stub>
          </v-list-tile-stub>
          <v-menu-stub opendelay="0" closedelay="0" lazy="true" contentclass="" bottom="true" left="true" maxwidth="auto" nudgebottom="0" nudgeleft="0" nudgeright="0" nudgetop="0" nudgewidth="0" closeonclick="true" closeoncontentclick="true" maxheight="auto" openonclick="true" offsetx="true" origin="top left" transition="v-menu-transition">
            <v-list-stub style="max-width: 285px;"></v-list-stub>
          </v-menu-stub>
        </v-list-stub>
      </v-menu-stub>
    </v-list-tile-action-stub>
    <group-tag-dialog-stub groupid="groupId" title="Group Title" tags="tag1,tag2,tag3"></group-tag-dialog-stub>
  </v-list-tile-stub>
</div>
`;
